// Vitest Snapshot v1, https://vitest.dev/guide/snapshot.html

exports[`mdx > basic 1`] = `
"const frontmatter = {};
/*jsx link will not be transformed*/
import {Fragment as _Fragment, jsx as _jsx, jsxs as _jsxs} from "react/jsx-runtime";
import {useMDXComponents as _provideComponents} from "@mdx-js/react";
function _createMdxContent(props) {
  const _components = {
    a: "a",
    p: "p",
    ..._provideComponents(),
    ...props.components
  };
  return _jsxs(_Fragment, {
    children: [_jsx(_components.p, {
      children: _jsx(_components.a, {
        href: "./test1.md",
        children: "link1"
      })
    }), "\\n", "\\n", _jsx("a", {
      href: "./test2",
      children: "link2"
    })]
  });
}
export default function MDXContent(props = {}) {
  const {wrapper: MDXLayout} = {
    ..._provideComponents(),
    ...props.components
  };
  return MDXLayout ? _jsx(MDXLayout, {
    ...props,
    children: _jsx(_createMdxContent, {
      ...props
    })
  }) : _createMdxContent(props);
}

MDXContent.__RSPRESS_PAGE_META = {};

MDXContent.__RSPRESS_PAGE_META["index.mdx"] = {"toc":[],"title":"","headingTitle":"","frontmatter":{}};
"
`;
